[    0.000000] Initializing cgroup subsys cpuset
[    0.000000] Initializing cgroup subsys cpu
[    0.000000] Initializing cgroup subsys cpuacct
[    0.000000] Linux version 4.4.0-103-generic (buildd@lcy01-amd64-001) (gcc version 5.4.0 20160609 (Ubuntu 5.4.0-6ubuntu1~16.04.5) ) #126-Ubuntu SMP Mon Dec 4 16:23:28 UTC 2017 (Ubuntu 4.4.0-103.126-generic 4.4.98)
[    0.000000] Command line: BOOT_IMAGE=/boot/vmlinuz-4.4.0-103-generic root=LABEL=cloudimg-rootfs ro console=tty1 console=ttyS0
[    0.000000] KERNEL supported cpus:
[    0.000000]   Intel GenuineIntel
[    0.000000]   AMD AuthenticAMD
[    0.000000]   Centaur CentaurHauls
[    0.000000] ------------[ cut here ]------------
[    0.000000] WARNING: CPU: 0 PID: 0 at /build/linux-yM3O3R/linux-4.4.0/arch/x86/kernel/fpu/xstate.c:517 fpu__init_system_xstate+0x38b/0x75a()
[    0.000000] XSAVE consistency problem, dumping leaves
[    0.000000] Modules linked in:
[    0.000000] CPU: 0 PID: 0 Comm: swapper Not tainted 4.4.0-103-generic #126-Ubuntu
[    0.000000]  0000000000000086 7e95a7e88f9cf667 ffffffff81e03d80 ffffffff813fb523
[    0.000000]  ffffffff81e03dc8 ffffffff81caaa28 ffffffff81e03db8 ffffffff810812e2
[    0.000000]  ffffffff81e03e48 ffffffff81e03e4c 0000000000000008 0000000000000100
[    0.000000] Call Trace:
[    0.000000]  [<ffffffff813fb523>] dump_stack+0x63/0x90
[    0.000000]  [<ffffffff810812e2>] warn_slowpath_common+0x82/0xc0
[    0.000000]  [<ffffffff8108137c>] warn_slowpath_fmt+0x5c/0x80
[    0.000000]  [<ffffffff8107cff0>] ? xfeature_size+0x59/0x77
[    0.000000]  [<ffffffff81f6d20b>] fpu__init_system_xstate+0x38b/0x75a
[    0.000000]  [<ffffffff81f5d120>] ? early_idt_handler_array+0x120/0x120
[    0.000000]  [<ffffffff81f6cb76>] fpu__init_system+0x10d/0x245
[    0.000000]  [<ffffffff81f6dc7f>] early_cpu_init+0x139/0x13e
[    0.000000]  [<ffffffff81f6dc7f>] ? early_cpu_init+0x139/0x13e
[    0.000000]  [<ffffffff81f69181>] setup_arch+0xb4/0xcf6
[    0.000000]  [<ffffffff81f5d120>] ? early_idt_handler_array+0x120/0x120
[    0.000000]  [<ffffffff81f5dc74>] start_kernel+0xe4/0x4a2
[    0.000000]  [<ffffffff81f5d120>] ? early_idt_handler_array+0x120/0x120
[    0.000000]  [<ffffffff81f5d339>] x86_64_start_reservations+0x2a/0x2c
[    0.000000]  [<ffffffff81f5d485>] x86_64_start_kernel+0x14a/0x16d
[    0.000000] ---[ end trace 4d5ff9f2f68c4233 ]---
[    0.000000] CPUID[0d, 00]: eax=00000007 ebx=00000440 ecx=00000440 edx=00000000
[    0.000000] CPUID[0d, 01]: eax=00000000 ebx=000003c0 ecx=00000000 edx=00000000
[    0.000000] CPUID[0d, 02]: eax=00000100 ebx=00000240 ecx=00000000 edx=00000000
[    0.000000] CPUID[0d, 03]: eax=00000000 ebx=00000000 ecx=00000000 edx=00000000
[    0.000000] CPUID[0d, 04]: eax=00000000 ebx=00000000 ecx=00000000 edx=00000000
[    0.000000] CPUID[0d, 05]: eax=00000000 ebx=00000000 ecx=00000000 edx=00000000
[    0.000000] CPUID[0d, 06]: eax=00000000 ebx=00000000 ecx=00000000 edx=00000000
[    0.000000] CPUID[0d, 07]: eax=00000000 ebx=00000000 ecx=00000000 edx=00000000
[    0.000000] CPUID[0d, 08]: eax=00000000 ebx=00000000 ecx=00000000 edx=00000000
[    0.000000] CPUID[0d, 09]: eax=00000000 ebx=00000000 ecx=00000000 edx=00000000
[    0.000000] CPUID[0d, 0a]: eax=00000000 ebx=00000000 ecx=00000000 edx=00000000
[    0.000000] CPUID[0d, 0b]: eax=00000000 ebx=00000000 ecx=00000000 edx=00000000
[    0.000000] CPUID[0d, 0c]: eax=00000000 ebx=00000000 ecx=00000000 edx=00000000
[    0.000000] CPUID[0d, 0d]: eax=00000000 ebx=00000000 ecx=00000000 edx=00000000
[    0.000000] CPUID[0d, 0e]: eax=00000000 ebx=00000000 ecx=00000000 edx=00000000
[    0.000000] CPUID[0d, 0f]: eax=00000000 ebx=00000000 ecx=00000000 edx=00000000
[    0.000000] CPUID[0d, 10]: eax=00000000 ebx=00000000 ecx=00000000 edx=00000000
[    0.000000] CPUID[0d, 11]: eax=00000000 ebx=00000000 ecx=00000000 edx=00000000
[    0.000000] x86/fpu: xstate_offset[2]:  576, xstate_sizes[2]:  256
[    0.000000] x86/fpu: Supporting XSAVE feature 0x01: 'x87 floating point registers'
[    0.000000] x86/fpu: Supporting XSAVE feature 0x02: 'SSE registers'
[    0.000000] x86/fpu: Supporting XSAVE feature 0x04: 'AVX registers'
[    0.000000] x86/fpu: Enabled xstate features 0x7, context size is 1088 bytes, using 'standard' format.
[    0.000000] x86/fpu: Using 'lazy' FPU context switches.
[    0.000000] e820: BIOS-provided physical RAM map:
[    0.000000] BIOS-e820: [mem 0x0000000000000000-0x000000000009fbff] usable
[    0.000000] BIOS-e820: [mem 0x000000000009fc00-0x000000000009ffff] reserved
[    0.000000] BIOS-e820: [mem 0x00000000000f0000-0x00000000000fffff] reserved
[    0.000000] BIOS-e820: [mem 0x0000000000100000-0x000000003ffeffff] usable
[    0.000000] BIOS-e820: [mem 0x000000003fff0000-0x000000003fffffff] ACPI data
[    0.000000] BIOS-e820: [mem 0x00000000fec00000-0x00000000fec00fff] reserved
[    0.000000] BIOS-e820: [mem 0x00000000fee00000-0x00000000fee00fff] reserved
[    0.000000] BIOS-e820: [mem 0x00000000fffc0000-0x00000000ffffffff] reserved
[    0.000000] NX (Execute Disable) protection: active
[    0.000000] SMBIOS 2.5 present.
[    0.000000] Hypervisor detected: KVM
[    0.000000] e820: last_pfn = 0x3fff0 max_arch_pfn = 0x400000000
[    0.000000] MTRR: Disabled
[    0.000000] x86/PAT: MTRRs disabled, skipping PAT initialization too.
[    0.000000] CPU MTRRs all blank - virtualized system.
[    0.000000] x86/PAT: Configuration [0-7]: WB  WT  UC- UC  WB  WT  UC- UC  
[    0.000000] found SMP MP-table at [mem 0x0009fff0-0x0009ffff] mapped at [ffff88000009fff0]
[    0.000000] Scanning 1 areas for low memory corruption
[    0.000000] RAMDISK: [mem 0x36ade000-0x37566fff]
[    0.000000] ACPI: Early table checksum verification disabled
[    0.000000] ACPI: RSDP 0x00000000000E0000 000024 (v02 VBOX  )
[    0.000000] ACPI: XSDT 0x000000003FFF0030 00003C (v01 VBOX   VBOXXSDT 00000001 ASL  00000061)
[    0.000000] ACPI: FACP 0x000000003FFF00F0 0000F4 (v04 VBOX   VBOXFACP 00000001 ASL  00000061)
[    0.000000] ACPI: DSDT 0x000000003FFF0470 0021FF (v02 VBOX   VBOXBIOS 00000002 INTL 20100528)
[    0.000000] ACPI: FACS 0x000000003FFF0200 000040
[    0.000000] ACPI: FACS 0x000000003FFF0200 000040
[    0.000000] ACPI: APIC 0x000000003FFF0240 00005C (v02 VBOX   VBOXAPIC 00000001 ASL  00000061)
[    0.000000] ACPI: SSDT 0x000000003FFF02A0 0001CC (v01 VBOX   VBOXCPUT 00000002 INTL 20100528)
[    0.000000] No NUMA configuration found
[    0.000000] Faking a node at [mem 0x0000000000000000-0x000000003ffeffff]
[    0.000000] NODE_DATA(0) allocated [mem 0x3ffeb000-0x3ffeffff]
[    0.000000] kvm-clock: Using msrs 4b564d01 and 4b564d00
[    0.000000] kvm-clock: cpu 0, msr 0:3ffe3001, primary cpu clock
[    0.000000] kvm-clock: using sched offset of 3105115220 cycles
[    0.000000] clocksource: kvm-clock: mask: 0xffffffffffffffff max_cycles: 0x1cd42e4dffb, max_idle_ns: 881590591483 ns
[    0.000000] Zone ranges:
[    0.000000]   DMA      [mem 0x0000000000001000-0x0000000000ffffff]
[    0.000000]   DMA32    [mem 0x0000000001000000-0x000000003ffeffff]
[    0.000000]   Normal   empty
[    0.000000]   Device   empty
[    0.000000] Movable zone start for each node
[    0.000000] Early memory node ranges
[    0.000000]   node   0: [mem 0x0000000000001000-0x000000000009efff]
[    0.000000]   node   0: [mem 0x0000000000100000-0x000000003ffeffff]
[    0.000000] Initmem setup node 0 [mem 0x0000000000001000-0x000000003ffeffff]
[    0.000000] ACPI: PM-Timer IO Port: 0x4008
[    0.000000] IOAPIC[0]: apic_id 2, version 32, address 0xfec00000, GSI 0-23
[    0.000000] ACPI: INT_SRC_OVR (bus 0 bus_irq 0 global_irq 2 dfl dfl)
[    0.000000] ACPI: INT_SRC_OVR (bus 0 bus_irq 9 global_irq 9 high level)
[    0.000000] Using ACPI (MADT) for SMP configuration information
[    0.000000] smpboot: Allowing 2 CPUs, 0 hotplug CPUs
[    0.000000] PM: Registered nosave memory: [mem 0x00000000-0x00000fff]
[    0.000000] PM: Registered nosave memory: [mem 0x0009f000-0x0009ffff]
[    0.000000] PM: Registered nosave memory: [mem 0x000a0000-0x000effff]
[    0.000000] PM: Registered nosave memory: [mem 0x000f0000-0x000fffff]
[    0.000000] e820: [mem 0x40000000-0xfebfffff] available for PCI devices
[    0.000000] Booting paravirtualized kernel on KVM
[    0.000000] clocksource: refined-jiffies: mask: 0xffffffff max_cycles: 0xffffffff, max_idle_ns: 7645519600211568 ns
[    0.000000] setup_percpu: NR_CPUS:512 nr_cpumask_bits:512 nr_cpu_ids:2 nr_node_ids:1
[    0.000000] PERCPU: Embedded 33 pages/cpu @ffff88003fc00000 s98200 r8192 d28776 u1048576
[    0.000000] PV qspinlock hash table entries: 256 (order: 0, 4096 bytes)
[    0.000000] Built 1 zonelists in Node order, mobility grouping on.  Total pages: 257913
[    0.000000] Policy zone: DMA32
[    0.000000] Kernel command line: BOOT_IMAGE=/boot/vmlinuz-4.4.0-103-generic root=LABEL=cloudimg-rootfs ro console=tty1 console=ttyS0
[    0.000000] PID hash table entries: 4096 (order: 3, 32768 bytes)
[    0.000000] Memory: 1001784K/1048120K available (8485K kernel code, 1295K rwdata, 3988K rodata, 1492K init, 1316K bss, 46336K reserved, 0K cma-reserved)
[    0.000000] SLUB: HWalign=64, Order=0-3, MinObjects=0, CPUs=2, Nodes=1
[    0.000000] Hierarchical RCU implementation.
[    0.000000] 	Build-time adjustment of leaf fanout to 64.
[    0.000000] 	RCU restricting CPUs from NR_CPUS=512 to nr_cpu_ids=2.
[    0.000000] RCU: Adjusting geometry for rcu_fanout_leaf=64, nr_cpu_ids=2
[    0.000000] NR_IRQS:33024 nr_irqs:440 16
[    0.000000] Console: colour VGA+ 80x25
[    0.000000] console [tty1] enabled
[    0.000000] console [ttyS0] enabled
[    0.000000] tsc: Detected 2399.984 MHz processor
[    0.363062] Calibrating delay loop (skipped) preset value.. 4799.96 BogoMIPS (lpj=9599936)
[    0.364751] pid_max: default: 32768 minimum: 301
[    0.365692] ACPI: Core revision 20150930
[    0.367503] ACPI: 2 ACPI AML tables successfully acquired and loaded
[    0.368817] Security Framework initialized
[    0.369647] Yama: becoming mindful.
[    0.370456] AppArmor: AppArmor initialized
[    0.371342] Dentry cache hash table entries: 131072 (order: 8, 1048576 bytes)
[    0.467028] Inode-cache hash table entries: 65536 (order: 7, 524288 bytes)
[    0.666748] Mount-cache hash table entries: 2048 (order: 2, 16384 bytes)
[    0.735936] Mountpoint-cache hash table entries: 2048 (order: 2, 16384 bytes)
[    0.737234] Initializing cgroup subsys io
[    0.739063] Initializing cgroup subsys memory
[    0.739882] Initializing cgroup subsys devices
[    0.740704] Initializing cgroup subsys freezer
[    0.741524] Initializing cgroup subsys net_cls
[    0.742348] Initializing cgroup subsys perf_event
[    0.743240] Initializing cgroup subsys net_prio
[    0.744102] Initializing cgroup subsys hugetlb
[    0.840471] Initializing cgroup subsys pids
[    0.841433] CPU: Physical Processor ID: 0
[    0.842298] CPU: Processor Core ID: 0
[    0.844762] mce: CPU supports 0 MCE banks
[    0.845656] Last level iTLB entries: 4KB 64, 2MB 8, 4MB 8
[    0.846706] Last level dTLB entries: 4KB 64, 2MB 0, 4MB 0, 1GB 4
[    0.849805] Freeing SMP alternatives memory: 32K
[    0.859026] ftrace: allocating 32158 entries in 126 pages
[    0.911527] smpboot: APIC(0) Converting physical 0 to logical package 0
[    0.913907] smpboot: Max logical packages: 1
[    0.916205] x2apic enabled
[    0.917061] Switched APIC routing to physical x2apic.
[    0.920165] ..TIMER: vector=0x30 apic1=0 pin1=2 apic2=-1 pin2=-1
[    1.026452] smpboot: CPU0: Intel(R) Core(TM) i5-6200U CPU @ 2.30GHz (family: 0x6, model: 0x4e, stepping: 0x3)
[    1.038474] Performance Events: unsupported p6 CPU model 78 no PMU driver, software events only.
[    1.040336] KVM setup paravirtual spinlock
[    1.041883] x86: Booting SMP configuration:
[    1.043823] .... node  #0, CPUs:      #1
[    1.044744] kvm-clock: cpu 1, msr 0:3ffe3041, secondary cpu clock
[    1.047155] mce: CPU supports 0 MCE banks
[    1.049570] x86: Booted up 1 node, 2 CPUs
[    1.050646] smpboot: Total of 2 processors activated (9599.93 BogoMIPS)
[    1.057520] devtmpfs: initialized
[    1.060180] evm: security.selinux
[    1.060896] evm: security.SMACK64
[    1.061631] evm: security.SMACK64EXEC
[    1.086648] evm: security.SMACK64TRANSMUTE
[    1.182068] evm: security.SMACK64MMAP
[    1.251326] evm: security.ima
[    1.284232] evm: security.capability
[    1.301180] clocksource: jiffies: mask: 0xffffffff max_cycles: 0xffffffff, max_idle_ns: 7645041785100000 ns
[    1.302974] futex hash table entries: 512 (order: 3, 32768 bytes)
[    1.304169] pinctrl core: initialized pinctrl subsystem
[    1.305201] RTC time: 17:30:57, date: 06/21/18
[    1.317357] NET: Registered protocol family 16
[    1.334707] cpuidle: using governor ladder
[    1.346195] cpuidle: using governor menu
[    1.348672] PCCT header not found.
[    1.351180] ACPI: bus type PCI registered
[    1.414686] acpiphp: ACPI Hot Plug PCI Controller Driver version: 0.5
[    1.418874] PCI: Using configuration type 1 for base access
[    1.431780] ACPI: Added _OSI(Module Device)
[    1.434827] ACPI: Added _OSI(Processor Device)
[    1.436530] ACPI: Added _OSI(3.0 _SCP Extensions)
[    1.492910] ACPI: Added _OSI(Processor Aggregator Device)
[    1.600206] ACPI: Executed 1 blocks of module-level executable AML code
[    1.687221] ACPI: Interpreter enabled
[    1.701068] ACPI: (supports S0 S5)
[    1.701846] ACPI: Using IOAPIC for interrupt routing
[    1.703033] PCI: Using host bridge windows from ACPI; if necessary, use "pci=nocrs" and report a bug
[    1.707964] ACPI: PCI Root Bridge [PCI0] (domain 0000 [bus 00-ff])
[    1.720389] acpi PNP0A03:00: _OSC: OS supports [ASPM ClockPM Segments MSI]
[    1.721623] acpi PNP0A03:00: _OSC: not requesting OS control; OS requires [ExtendedConfig ASPM ClockPM MSI]
[    1.723547] acpi PNP0A03:00: fail to add MMCONFIG information, can't access extended PCI configuration space under this bridge.
[    1.725847] PCI host bridge to bus 0000:00
[    1.727775] pci_bus 0000:00: root bus resource [io  0x0000-0x0cf7 window]
[    1.728959] pci_bus 0000:00: root bus resource [io  0x0d00-0xffff window]
[    1.730218] pci_bus 0000:00: root bus resource [mem 0x000a0000-0x000bffff window]
[    1.735655] pci_bus 0000:00: root bus resource [mem 0x40000000-0xffdfffff window]
[    1.737135] pci_bus 0000:00: root bus resource [bus 00-ff]
[    1.740670] pci 0000:00:01.1: legacy IDE quirk: reg 0x10: [io  0x01f0-0x01f7]
[    1.744053] pci 0000:00:01.1: legacy IDE quirk: reg 0x14: [io  0x03f6]
[    1.745237] pci 0000:00:01.1: legacy IDE quirk: reg 0x18: [io  0x0170-0x0177]
[    1.746601] pci 0000:00:01.1: legacy IDE quirk: reg 0x1c: [io  0x0376]
[    1.762873] pci 0000:00:07.0: quirk: [io  0x4000-0x403f] claimed by PIIX4 ACPI
[    1.769737] pci 0000:00:07.0: quirk: [io  0x4100-0x410f] claimed by PIIX4 SMB
[    1.775975] ACPI: PCI Interrupt Link [LNKA] (IRQs 5 9 10 *11)
[    1.792403] ACPI: PCI Interrupt Link [LNKB] (IRQs 5 9 10 *11)
[    1.793994] ACPI: PCI Interrupt Link [LNKC] (IRQs 5 9 *10 11)
[    1.857119] ACPI: PCI Interrupt Link [LNKD] (IRQs 5 *9 10 11)
[    1.885341] ACPI: Enabled 2 GPEs in block 00 to 07
[    1.886885] vgaarb: setting as boot device: PCI:0000:00:02.0
[    1.891790] vgaarb: device added: PCI:0000:00:02.0,decodes=io+mem,owns=io+mem,locks=none
[    1.893385] vgaarb: loaded
[    1.894049] vgaarb: bridge control possible 0000:00:02.0
[    1.895353] SCSI subsystem initialized
[    1.896273] ACPI: bus type USB registered
[    1.897135] usbcore: registered new interface driver usbfs
[    1.924961] usbcore: registered new interface driver hub
[    2.040379] usbcore: registered new device driver usb
[    2.147037] PCI: Using ACPI for IRQ routing
[    2.235675] NetLabel: Initializing
[    2.305075] NetLabel:  domain hash size = 128
[    2.354545] NetLabel:  protocols = UNLABELED CIPSOv4
[    2.375944] NetLabel:  unlabeled traffic allowed by default
[    2.377078] amd_nb: Cannot enumerate AMD northbridges
[    2.378029] clocksource: Switched to clocksource kvm-clock
[    2.386007] AppArmor: AppArmor Filesystem Enabled
[    2.530883] pnp: PnP ACPI init
[    2.598336] pnp: PnP ACPI: found 3 devices
[    2.712708] clocksource: acpi_pm: mask: 0xffffff max_cycles: 0xffffff, max_idle_ns: 2085701024 ns
[    2.843572] NET: Registered protocol family 2
[    2.943292] TCP established hash table entries: 8192 (order: 4, 65536 bytes)
[    3.121953] TCP bind hash table entries: 8192 (order: 5, 131072 bytes)
[    3.302582] TCP: Hash tables configured (established 8192 bind 8192)
[    3.443633] UDP hash table entries: 512 (order: 2, 16384 bytes)
[    3.559399] UDP-Lite hash table entries: 512 (order: 2, 16384 bytes)
[    3.677147] NET: Registered protocol family 1
[    3.677974] pci 0000:00:00.0: Limiting direct PCI/PCI transfers
[    3.678996] pci 0000:00:01.0: Activating ISA DMA hang workarounds
[    3.680642] Unpacking initramfs...
[    5.516117] Freeing initrd memory: 10788K
[    5.527732] platform rtc_cmos: registered platform RTC device (no PNP device found)
[    5.529289] Scanning for low memory corruption every 60 seconds
[    5.530864] audit: initializing netlink subsys (disabled)
[    5.531890] audit: type=2000 audit(1529602263.905:1): initialized
[    5.533227] Initialise system trusted keyring
[    5.534395] HugeTLB registered 2 MB page size, pre-allocated 0 pages
[    5.536855] zbud: loaded
[    5.537822] VFS: Disk quotas dquot_6.6.0
[    5.578738] VFS: Dquot-cache hash table entries: 512 (order 0, 4096 bytes)
[    5.603649] squashfs: version 4.0 (2009/01/31) Phillip Lougher
[    5.605031] fuse init (API version 7.23)
[    5.605989] Key type big_key registered
[    5.606855] Allocating IMA MOK and blacklist keyrings.
[    5.608847] Key type asymmetric registered
[    5.609721] Asymmetric key parser 'x509' registered
[    5.610735] Block layer SCSI generic (bsg) driver version 0.4 loaded (major 249)
[    5.644118] io scheduler noop registered
[    5.644891] io scheduler deadline registered (default)
[    5.645924] io scheduler cfq registered
[    5.646807] pci_hotplug: PCI Hot Plug PCI Core version: 0.5
[    5.647779] pciehp: PCI Express Hot Plug Controller Driver version: 0.4
[    5.648986] ACPI: AC Adapter [AC] (off-line)
[    5.649880] input: Power Button as /devices/LNXSYSTM:00/LNXPWRBN:00/input/input0
[    5.654133] ACPI: Power Button [PWRF]
[    5.662567] input: Sleep Button as /devices/LNXSYSTM:00/LNXSLPBN:00/input/input1
[    5.663992] ACPI: Sleep Button [SLPF]
[    5.665404] ACPI: Battery Slot [BAT0] (battery present)
[    5.666354] GHES: HEST is not enabled!
[    5.667227] Serial: 8250/16550 driver, 32 ports, IRQ sharing enabled
[    5.689949] 00:02: ttyS0 at I/O 0x3f8 (irq = 4, base_baud = 115200) is a 16550A
[    5.884886] Linux agpgart interface v0.103
[    5.887147] loop: module loaded
[    5.893916] scsi host0: ata_piix
[    6.073327] scsi host1: ata_piix
[    6.233150] ata1: PATA max UDMA/33 cmd 0x1f0 ctl 0x3f6 bmdma 0xd000 irq 14
[    6.234275] ata2: PATA max UDMA/33 cmd 0x170 ctl 0x376 bmdma 0xd008 irq 15
[    6.235569] libphy: Fixed MDIO Bus: probed
[    6.236411] tun: Universal TUN/TAP device driver, 1.6
[    6.237443] tun: (C) 1999-2004 Max Krasnyansky <maxk@qualcomm.com>
[    6.238596] PPP generic driver version 2.4.2
[    6.239456] ehci_hcd: USB 2.0 'Enhanced' Host Controller (EHCI) Driver
[    6.240529] ehci-pci: EHCI PCI platform driver
[    6.241389] ehci-platform: EHCI generic platform driver
[    6.242286] ohci_hcd: USB 1.1 'Open' Host Controller (OHCI) Driver
[    6.243460] ohci-pci: OHCI PCI platform driver
[    6.244370] ohci-platform: OHCI generic platform driver
[    6.245388] uhci_hcd: USB Universal Host Controller Interface driver
[    6.246640] i8042: PNP: PS/2 Controller [PNP0303:PS2K,PNP0f03:PS2M] at 0x60,0x64 irq 1,12
[    6.248756] serio: i8042 KBD port at 0x60,0x64 irq 1
[    6.252214] serio: i8042 AUX port at 0x60,0x64 irq 12
[    6.253309] mousedev: PS/2 mouse device common for all mice
[    6.264001] input: AT Translated Set 2 keyboard as /devices/platform/i8042/serio0/input/input2
[    6.269716] rtc_cmos rtc_cmos: rtc core: registered rtc_cmos as rtc0
[    6.458876] rtc_cmos rtc_cmos: alarms up to one day, 114 bytes nvram
[    6.633209] tsc: Refined TSC clocksource calibration: 2399.364 MHz
[    6.687072] clocksource: tsc: mask: 0xffffffffffffffff max_cycles: 0x2295de9ad48, max_idle_ns: 440795278700 ns
[    6.687132] i2c /dev entries driver
[    6.687219] device-mapper: uevent: version 1.0.3
[    6.687315] device-mapper: ioctl: 4.34.0-ioctl (2015-10-28) initialised: dm-devel@redhat.com
[    6.687333] ledtrig-cpu: registered to indicate activity on CPUs
[    6.698415] NET: Registered protocol family 10
[    6.698561] NET: Registered protocol family 17
[    6.698570] Key type dns_resolver registered
[    6.699560] microcode: CPU0 sig=0x406e3, pf=0x2, revision=0x0
[    6.699567] microcode: CPU1 sig=0x406e3, pf=0x2, revision=0x0
[    6.699591] microcode: Microcode Update Driver: v2.01 <tigran@aivazian.fsnet.co.uk>, Peter Oruba
[    6.699703] registered taskstats version 1
[    6.699720] Loading compiled-in X.509 certificates
[    6.700323] Loaded X.509 cert 'Build time autogenerated kernel key: 6495e09daeacef0cade9c1ea2246b74b6c79cd53'
[    6.700338] zswap: loaded using pool lzo/zbud
[    6.701653] Key type trusted registered
[    6.703853] Key type encrypted registered
[    6.703858] AppArmor: AppArmor sha1 policy hashing enabled
[    6.703862] ima: No TPM chip found, activating TPM-bypass!
[    6.703880] evm: HMAC attrs: 0x1
[    6.704099]   Magic number: 6:858:542
[    6.704584] rtc_cmos rtc_cmos: setting system clock to 2018-06-21 17:31:02 UTC (1529602262)
[    6.704651] BIOS EDD facility v0.16 2004-Jun-25, 0 devices found
[    6.704652] EDD information not available.
[    6.730626] Freeing unused kernel memory: 1492K
[    6.743550] Write protecting the kernel read-only data: 14336k
[    6.745051] Freeing unused kernel memory: 1744K
[    7.183479] Freeing unused kernel memory: 108K
Loading, please wait...
starting version[    7.266471] random: systemd-udevd: uninitialized urandom read (16 bytes read, 5 bits of entropy available)
 229
[    7.267101] random: udevadm: uninitialized urandom read (16 bytes read, 5 bits of entropy available)
[    7.267117] random: udevadm: uninitialized urandom read (16 bytes read, 5 bits of entropy available)
[    7.273326] random: udevadm: uninitialized urandom read (16 bytes read, 5 bits of entropy available)
[    7.273360] random: udevadm: uninitialized urandom read (16 bytes read, 5 bits of entropy available)
[    7.273463] random: udevadm: uninitialized urandom read (16 bytes read, 5 bits of entropy available)
[    7.273502] random: udevadm: uninitialized urandom read (16 bytes read, 5 bits of entropy available)
[    7.273538] random: udevadm: uninitialized urandom read (16 bytes read, 5 bits of entropy available)
[    7.273577] random: udevadm: uninitialized urandom read (16 bytes read, 5 bits of entropy available)
[    7.273626] random: udevadm: uninitialized urandom read (16 bytes read, 5 bits of entropy available)
[    7.784088] e1000: Intel(R) PRO/1000 Network Driver - version 7.3.21-k8-NAPI
[    8.073244] e1000: Copyright (c) 1999-2006 Intel Corporation.
[    8.074340] Fusion MPT base driver 3.04.20
[    8.075197] Copyright (c) 1999-2008 LSI Corporation
[    8.079821] Fusion MPT SPI Host driver 3.04.20
[    8.091581] mptbase: ioc0: Initiating bringup
[    8.104531] AVX version of gcm_enc/dec engaged.
[    8.154320] ioc0: LSI53C1030 A0: Capabilities={Initiator}
[    8.229403] AES CTR mode by8 optimization enabled
[    8.291643] input: ImExPS/2 Generic Explorer Mouse as /devices/platform/i8042/serio1/input/input4
[    8.319355] scsi host2: ioc0: LSI53C1030 A0, FwRev=00000000h, Ports=1, MaxQ=256, IRQ=20
[    8.454740] scsi 2:0:0:0: Direct-Access     VBOX     HARDDISK         1.0  PQ: 0 ANSI: 5
[    8.467589] scsi target2:0:0: Beginning Domain Validation
[    8.476432] scsi target2:0:0: Domain Validation skipping write tests
[    8.478869] scsi target2:0:0: Ending Domain Validation
[    8.480989] scsi target2:0:0: asynchronous
[    8.483835] scsi 2:0:1:0: Direct-Access     VBOX     HARDDISK         1.0  PQ: 0 ANSI: 5
[    8.487087] scsi target2:0:1: Beginning Domain Validation
[    8.490538] scsi target2:0:1: Domain Validation skipping write tests
[    8.494010] scsi target2:0:1: Ending Domain Validation
[    8.503626] scsi target2:0:1: asynchronous
[    8.551092] sd 2:0:0:0: Attached scsi generic sg0 type 0
[    8.553301] sd 2:0:0:0: [sda] 20971520 512-byte logical blocks: (10.7 GB/10.0 GiB)
[    8.555526] sd 2:0:0:0: [sda] Write Protect is off
[    8.593755] sd 2:0:1:0: [sdb] 20480 512-byte logical blocks: (10.5 MB/10.0 MiB)
[    8.600776] sd 2:0:1:0: Attached scsi generic sg1 type 0
[    8.634141] sd 2:0:1:0: [sdb] Write Protect is off
[    8.639603] sd 2:0:1:0: [sdb] Incomplete mode parameter data
[    8.640728] sd 2:0:1:0: [sdb] Assuming drive cache: write through
[    8.642367] sd 2:0:0:0: [sda] Incomplete mode parameter data
[    8.670241] sd 2:0:0:0: [sda] Assuming drive cache: write through
[    8.672440]  sda: sda1
[    8.687367] sd 2:0:1:0: [sdb] Attached SCSI disk
[    8.688859] sd 2:0:0:0: [sda] Attached SCSI disk
[    8.820932] e1000 0000:00:03.0 eth0: (PCI:33MHz:32-bit) 02:63:8e:2c:ef:cd
[    8.883778] e1000 0000:00:03.0 eth0: Intel(R) PRO/1000 Network Connection
[    8.885720] e1000 0000:00:03.0 enp0s3: renamed from eth0
[   11.082596] floppy0: no floppy controllers found
Begin: Loading e[   12.485937] md: linear personality registered for level -1
ssential drivers ... [   12.494601] md: multipath personality registered for level -4
[   12.503358] md: raid0 personality registered for level 0
[   12.512478] md: raid1 personality registered for level 1
[   12.590105] raid6: sse2x1   gen()  7968 MB/s
[   12.670113] raid6: sse2x1   xor()  5020 MB/s
[   12.738059] raid6: sse2x2   gen()  9605 MB/s
[   12.886069] raid6: sse2x2   xor()  6658 MB/s
[   13.078050] raid6: sse2x4   gen() 11166 MB/s
[   13.202084] raid6: sse2x4   xor()  6367 MB/s
[   13.204090] raid6: using algorithm sse2x4 gen() 11166 MB/s
[   13.205073] raid6: .... xor() 6367 MB/s, rmw enabled
[   13.210279] raid6: using ssse3x2 recovery algorithm
[   13.268087] xor: automatically using best checksumming function:
[   13.334391]    avx       : 42895.000 MB/sec
[   13.339889] async_tx: api initialized (async)
[   13.435585] md: raid6 personality registered for level 6
[   13.554494] md: raid5 personality registered for level 5
[   13.665553] md: raid4 personality registered for level 4
[   13.771828] md: raid10 personality registered for level 10
done.
Begin: Running /scripts/init-premount ... done.
Begin: Mountin[   13.871705] Btrfs loaded
g root file system ... Begin: Running /scripts/local-top ... done.
Begin: Running /scripts/local-premount ... Scanning for Btrfs filesystems
done.
Warning: fsck no[   13.899412] EXT4-fs (sda1): INFO: recovery required on readonly filesystem
t present, so sk[   14.118402] EXT4-fs (sda1): write access will be enabled during recovery
ipping root file system
[   14.251259] EXT4-fs (sda1): recovery complete
[   14.265431] EXT4-fs (sda1): mounted filesystem with ordered data mode. Opts: (null)
done.
Begin: Running /scripts/local-bottom ... done.
Begin: Running /scripts/init-bottom ... done.
[   14.388023] systemd[1]: systemd 229 running in system mode. (+PAM +AUDIT +SELINUX +IMA +APPARMOR +SMACK +SYSVINIT +UTMP +LIBCRYPTSETUP +GCRYPT +GNUTLS +ACL +XZ -LZ4 +SECCOMP +BLKID +ELFUTILS +KMOD -IDN)
[   14.418342] systemd[1]: Detected virtualization oracle.
[   14.423128] systemd[1]: Detected architecture x86-64.

Welcome to [1mUbuntu 16.04.3 LTS[0m!

[   14.427104] systemd[1]: Set hostname to <ubuntu-xenial>.
[   14.563683] systemd[1]: Set up automount Arbitrary Executable File Formats File System Automount Point.
[[0;32m  OK  [0m] Set up automount Arbitrary Executab...ats File System Automount Point.
[   14.572421] systemd[1]: Listening on Syslog Socket.
[[0;32m  OK  [0m] Listening on Syslog Socket.
[   14.658451] systemd[1]: Reached target User and Group Name Lookups.
[[0;32m  OK  [0m] Reached target User and Group Name Lookups.
[   14.736394] systemd[1]: Started Forward Password Requests to Wall Directory Watch.
[[0;32m  OK  [0m] Started Forward Password Requests to Wall Directory Watch.
[   14.739155] systemd[1]: Started Trigger resolvconf update for networkd DNS.
[[0;32m  OK  [0m] Started Trigger resolvconf update for networkd DNS.
[   14.741501] systemd[1]: Listening on Journal Socket (/dev/log).
[[0;32m  OK  [0m] Listening on Journal Socket (/dev/log).
[   14.882371] systemd[1]: Reached target Encrypted Volumes.
[[0;32m  OK  [0m] Reached target Encrypted Volumes.
[   15.058719] systemd[1]: Created slice System Slice.
[[0;32m  OK  [0m] Created slice System Slice.
[   15.147003] systemd[1]: Created slice system-serial\x2dgetty.slice.
[[0;32m  OK  [0m] Created slice system-serial\x2dgetty.slice.
[   15.158043] systemd[1]: Listening on udev Control Socket.
[[0;32m  OK  [0m] Listening on udev Control Socket.
[   15.160051] systemd[1]: Listening on udev Kernel Socket.
[[0;32m  OK  [0m] Listening on udev Kernel Socket.
[   15.163139] systemd[1]: Listening on /dev/initctl Compatibility Named Pipe.
[[0;32m  OK  [0m] Listening on /dev/initctl Compatibility Named Pipe.
[   15.211054] systemd[1]: Listening on Device-mapper event daemon FIFOs.
[[0;32m  OK  [0m] Listening on Device-mapper event daemon FIFOs.
[   15.342410] systemd[1]: Created slice User and Session Slice.
[[0;32m  OK  [0m] Created slice User and Session Slice.
[   15.344616] systemd[1]: Reached target Slices.
[[0;32m  OK  [0m] Reached target Slices.
[   15.346700] systemd[1]: Listening on Journal Audit Socket.
[[0;32m  OK  [0m] Listening on Journal Audit Socket.
[   15.348812] systemd[1]: Listening on Journal Socket.
[[0;32m  OK  [0m] Listening on Journal Socket.
[   15.362378] systemd[1]: Starting Load Kernel Modules...
[   15.368979] random: nonblocking pool is initialized
         [   15.424737] Loading iSCSI transport class v2.0-870.
Starting Load Kernel Modules...
[   15.434553] systemd[1]: Mounting Debug File System...
         Mounting Debug F[   15.493946] iscsi: registered transport (tcp)
ile System...
[   15.584068] systemd[1]: Starting Uncomplicated firewall...
         Starting Uncomplicated firewall...
[   15.610741] iscsi: registered transport (iser)
[   15.690475] systemd[1]: Starting Nameserver information manager...
         Starting Nameserver information manager...
[   15.746629] systemd[1]: Starting Set console keymap...
         Starting Set console keymap...
[   15.874309] systemd[1]: Starting Journal Service...
         Starting Journal Service...
[   16.022376] systemd[1]: Starting Create list of required static device nodes for the current kernel...
         Starting Create list of required st... nodes for the current kernel...
[   16.322354] systemd[1]: Mounting Huge Pages File System...
         Mounting Huge Pages File System...
[   16.382384] systemd[1]: Reached target Swap.
[[0;32m  OK  [0m] Reached target Swap.
[   16.482366] systemd[1]: Mounting POSIX Message Queue File System...
         Mounting POSIX Message Queue File System...
[   16.491043] systemd[1]: Listening on LVM2 metadata daemon socket.
[[0;32m  OK  [0m] Listening on LVM2 metadata daemon socket.
[   16.493477] systemd[1]: Listening on LVM2 poll daemon socket.
[[0;32m  OK  [0m] Listening on LVM2 poll daemon socket.
[   16.497486] systemd[1]: Starting Monitoring of LVM2 mirrors, snapshots etc. using dmeventd or progress polling...
         Starting Monitoring of LVM2 mirrors... dmeventd or progress polling...
[   16.504790] systemd[1]: Starting Remount Root and Kernel File Systems...
         [   16.548131] EXT4-fs (sda1): re-mounted. Opts: (null)
Starting Remount Root and Kernel File Systems...
[   16.700710] systemd[1]: Mounted POSIX Message Queue File System.
[[0;32m  OK  [0m] Mounted POSIX Message Queue File System.
[   16.786448] systemd[1]: Mounted Debug File System.
[[0;32m  OK  [0m] Mounted Debug File System.
[   16.794993] systemd[1]: Mounted Huge Pages File System.
[[0;32m  OK  [0m] Mounted Huge Pages File System.
[   16.797301] systemd[1]: Started Journal Service.
[[0;32m  OK  [0m] Started Journal Service.
[[0;32m  OK  [0m] Started Load Kernel Modules.
[[0;32m  OK  [0m] Started Uncomplicated firewall.
[[0;32m  OK  [0m] Started Set console keymap.
[[0;32m  OK  [0m] Started Create list of required sta...ce nodes for the current kernel.
[[0;32m  OK  [0m] Started Remount Root and Kernel File Systems.
[[0;32m  OK  [0m] Started Nameserver information manager.
[[0;32m  OK  [0m] Started LVM2 metadata daemon.
         Starting Load/Save Random Seed...
         Starting udev Coldplug all Devices...
         Starting Initial cloud-init job (pre-networking)...
         Starting Create Static Device Nodes in /dev...
         Starting Apply Kernel Variables...
         Mounting FUSE Control File System...
         Starting Flush Journal to Persistent Storage...
[[0;32m  OK  [0m] Mounted FUSE Control File System.
[[0;32m  OK  [0m] Started Load/Save Random Seed.
[[0;32m  OK  [0m] Started Create Static Device Nodes in /dev.
[[0;32m  OK  [0m] Started Apply Kernel Variables.
[[0;32m  OK  [0m] Started udev Coldplug all Devices.
[[0;32m  OK  [0m] Started Flush Journal to Persistent Storage.
         Starting udev Kernel Device Manager...
[[0;32m  OK  [0m] Started udev Kernel Device Manager.
[[0;32m  OK  [0m] Started Dispatch Password Requests to Console Directory Watch.
[[0;32m  OK  [0m] Found device /dev/ttyS0.
[[0;32m  OK  [0m] Started Monitoring of LVM2 mirrors,...ng dmeventd or progress polling.
[[0;32m  OK  [0m] Reached target Local File Systems (Pre).
[[0;32m  OK  [0m] Reached target Local File Systems.
         Starting Tell Plymouth To Write Out Runtime Data...
         Starting Create Volatile Files and Directories...
         Starting Set console font and keymap...
         Starting LSB: AppArmor initialization...
[[0;32m  OK  [0m] Started Tell Plymouth To Write Out Runtime Data.
[[0;32m  OK  [0m] Started Create Volatile Files and Directories.
         Starting Update UTMP about System Boot/Shutdown...
[[0;32m  OK  [0m] Reached target System Time Synchronized.
[[0;32m  OK  [0m] Started Update UTMP about System Boot/Shutdown.
[[0;32m  OK  [0m] Listening on Load/Save RF Kill Switch Status /dev/rfkill Watch.
[[0;32m  OK  [0m] Started Set console font and keymap.
[[0;32m  OK  [0m] Created slice system-getty.slice.
[[0;32m  OK  [0m] Found device 82540EM Gigabit Ethern...r (PRO/1000 MT Desktop Adapter).
[[0;32m  OK  [0m] Started LSB: AppArmor initialization.
[   16.013719] cloud-init[451]: Cloud-init v. 17.1 running 'init-local' at Thu, 21 Jun 2018 17:31:13 +0000. Up 15.79 seconds.
[[0;32m  OK  [0m] Started Initial cloud-init job (pre-networking).
[[0;32m  OK  [0m] Reached target Network (Pre).
         Starting Raise network interfaces...
[[0;32m  OK  [0m] Started ifup for enp0s3.
[[0;32m  OK  [0m] Started Raise network interfaces.
         Starting Initial cloud-init job (metadata service crawler)...
[[0;32m  OK  [0m] Reached target Network.
[   19.139478] cloud-init[972]: Cloud-init v. 17.1 running 'init' at Thu, 21 Jun 2018 17:31:16 +0000. Up 18.80 seconds.
[   19.156181] cloud-init[972]: ci-info: +++++++++++++++++++++++++++++++++++++Net device info++++++++++++++++++++++++++++++++++++++
[   19.199304] cloud-init[972]: ci-info: +--------+------+----------------------------+---------------+-------+-------------------+
[[0;32m  OK  [0m] Started Initial cloud-init job (metadata service crawler).
[   19.199695] cloud-init[972]: ci-info: | Device |  Up  |          Address           |      Mask     | Scope |     Hw-Address    |
[   19.212504] cloud-init[972]: ci-info: +--------+------+----------------------------+---------------+-------+-------------------+
[   19.212754] cloud-init[972]: ci-info: | enp0s3 | True |         10.0.2.15          | 255.255.255.0 |   .   | 02:63:8e:2c:ef:cd |
[[0;32m  OK  [0m] Reached target Cloud-config availability.
[[0;32m  OK  [0m] Reached target System Initialization.
[[0;32m  OK  [0m] Listening on ACPID Listen Socket.
         Starting LXD - unix socket.
[[0;32m  OK  [0m] Started Daily Cleanup of Temporary Directories.
[   19.212879] cloud-init[972]: ci-info: | enp0s3 | True | fe80::63:8eff:fe2c:efcd/64 |       .       |  link | 02:63:8e:2c:ef:cd |
[   19.278293] cloud-init[972]: ci-info: |   lo   | True |         127.0.0.1          |   255.0.0.0   |   .   |         .         |
[   19.308721] cloud-init[972]: ci-info: |   lo   | True |          ::1/128           |       .       |  host |         .         |
[   19.310224] cloud-init[972]: ci-info: +--------+------+----------------------------+---------------+-------+-------------------+
[[0;32m  OK  [0m] Started Timer to automatically refresh installed snaps.
[[0;32m  OK  [0m] Listening on D-Bus System Message Bus Socket.
[[0;32m  OK  [0m] Listening on UUID daemon activation socket.
[   19.314693] cloud-init[972]: ci-info: +++++++++++++++++++++++++++Route IPv4 info++++++++++++++++++++++++++++
[   19.417158] cloud-init[972]: ci-info: +-------+-------------+----------+---------------+-----------+-------+
[   19.418558] cloud-init[972]: ci-info: | Route | Destination | Gateway  |    Genmask    | Interface | Flags |
[   19.420036] cloud-init[972]: ci-info: +-------+-------------+----------+---------------+-----------+-------+
[   19.478280] cloud-init[972]: ci-info: |   0   |   0.0.0.0   | 10.0.2.2 |    0.0.0.0    |   enp0s3  |   UG  |
[   19.501789] cloud-init[972]: ci-info: |   1   |   10.0.2.0  | 0.0.0.0  | 255.255.255.0 |   enp0s3  |   U   |
[[0;32m  OK  [0m] Started ACPI Events Check.
[[0;32m  OK  [0m] Reached target Paths.
[   19.529409]          Starting Socket activation for snappy daemon.
[[0;32m  OK  [0m] Reached target Network is Online.
[[0;32m  OK  [0m] Started Daily apt download activities.
[[0;32m  OK  [0m] Started Daily apt upgrade and clean activities.
[[0;32m  OK  [0m] Reached target Timers.
cloud-init[972]: ci-info: +-------+-------------+----------+---------------+-----------+-------+
         Starting iSCSI initiator daemon (iscsid)...
[[0;32m  OK  [0m] Listening on LXD - unix socket.
[[0;32m  OK  [0m] Listening on Socket activation for snappy daemon.
[[0;32m  OK  [0m] Started iSCSI initiator daemon (iscsid).
         Starting Login to default iSCSI targets...
[[0;32m  OK  [0m] Reached target Sockets.
[[0;32m  OK  [0m] Reached target Basic System.
[[0;32m  OK  [0m] Started Puppet agent.
         Starting LSB: Record successful boot for GRUB...
         Starting /etc/rc.local Compatibility...
         Starting The Marionette Collective...
[[0;32m  OK  [0m] Started Deferred execution scheduler.
[[0;32m  OK  [0m] Started D-Bus System Message Bus.
         Starting OpenBSD Secure Shell server...
         Starting System Logging Service...
[[0;32m  OK  [0m] Started FUSE filesystem for LXC.
         Starting Apply the settings specified in cloud-config...
[[0;32m  OK  [0m] Started ACPI event daemon.
         Starting vboxadd-x11.service...
         Starting Login Service...
[[0;32m  OK  [0m] Started Unattended Upgrades Shutdown.
         Starting LSB: MD monitoring daemon...
         Starting Snappy daemon...
[[0;32m  OK  [0m] Started Regular background program processing daemon.
         Starting vboxadd.service...
         Starting Accounts Service...
         Starting LXD - container startup/shutdown...
[[0;32m  OK  [0m] Started OpenBSD Secure Shell server.
[[0;32m  OK  [0m] Started System Logging Service.
[[0;32m  OK  [0m] Started /etc/rc.local Compatibility.
[[0;32m  OK  [0m] Started vboxadd-x11.service.
[[0;32m  OK  [0m] Started LXD - container startup/shutdown.
[[0;32m  OK  [0m] Started Snappy daemon.
[[0;32m  OK  [0m] Started LSB: Record successful boot for GRUB.
[[0;32m  OK  [0m] Started Login to default iSCSI targets.
[[0;32m  OK  [0m] Started LSB: MD monitoring daemon.
[[0;32m  OK  [0m] Started Login Service.
         Starting Authenticate and Authorize Users to Run Privileged Tasks...
[[0;32m  OK  [0m] Reached target Remote File Systems (Pre).
[[0;32m  OK  [0m] Reached target Remote File Systems.
         Starting LSB: Set the CPU Frequency Scaling governor to "ondemand"...
         Starting LSB: daemon to balance interrupts for SMP systems...
         Starting Permit User Sessions...
         Starting LSB: automatic crash report generation...
[[0;32m  OK  [0m] Started vboxadd.service.
[[0;32m  OK  [0m] Started Permit User Sessions.
[[0;32m  OK  [0m] Started Authenticate and Authorize Users to Run Privileged Tasks.
[[0;32m  OK  [0m] Started Accounts Service.
[   20.783179] cloud-init[1059]: Cloud-init v. 17.1 running 'modules:config' at Thu, 21 Jun 2018 17:31:18 +0000. Up 20.50 seconds.
[[0;32m  OK  [0m] Started Apply the settings specified in cloud-config.
[[0;32m  OK  [0m] Started The Marionette Collective.
[[0;32m  OK  [0m] Started LSB: Set the CPU Frequency Scaling governor to "ondemand".
[[0;32m  OK  [0m] Started LSB: daemon to balance interrupts for SMP systems.
[[0;32m  OK  [0m] Created slice User Slice of ubuntu.
[[0;32m  OK  [0m] Started Session 1 of user ubuntu.
         Starting User Manager for UID 1000...
         Starting Hold until boot process finishes up...
         Starting Terminate Plymouth Boot Screen...
         Starting vboxadd-service.service...
[[0;32m  OK  [0m] Started User Manager for UID 1000.
[[0;32m  OK  [0m] Started LSB: automatic crash report generation.
[[0;32m  OK  [0m] Started Hold until boot process finishes up.
[[0;32m  OK  [0m] Started Terminate Plymouth Boot Screen.
[[0;32m  OK  [0m] Started vboxadd-service.service.
         Starting Set console scheme...
[[0;32m  OK  [0m] Started Getty on tty1.
[[0;32m  OK  [0m] Started Serial Getty on ttyS0.
[[0;32m  OK  [0m] Reached target Login Prompts.
[[0;32m  OK  [0m] Reached target Multi-User System.
[[0;32m  OK  [0m] Reached target Graphical Interface.
         Starting Update UTMP about System Runlevel Changes...
         Starting Execute cloud user/final scripts...
[[0;32m  OK  [0m] Started Set console scheme.
[[0;32m  OK  [0m] Started Update UTMP about System Runlevel Changes.
[   21.731017] cloud-init[1294]: Cloud-init v. 17.1 running 'modules:final' at Thu, 21 Jun 2018 17:31:19 +0000. Up 21.58 seconds.
[   21.747310] cloud-init[1294]: Cloud-init v. 17.1 finished at Thu, 21 Jun 2018 17:31:19 +0000. Datasource DataSourceNoCloud [seed=/dev/sdb][dsmode=net].  Up 21.72 seconds
[[0;32m  OK  [0m] Started Execute cloud user/final scripts.
[[0;32m  OK  [0m] Reached target Cloud-init target.

Ubuntu 16.04.3 LTS ubuntu-xenial ttyS0

ubuntu-xenial login: [  156.369033] e1000 0000:00:03.0 enp0s3: Detected Tx Unit Hang
[  156.369033]   Tx Queue             <0>
[  156.369033]   TDH                  <79>
[  156.369033]   TDT                  <7b>
[  156.369033]   next_to_use          <7b>
[  156.369033]   next_to_clean        <79>
[  156.369033] buffer_info[next_to_clean]
[  156.369033]   time_stamp           <ffff6f4e>
[  156.369033]   next_to_watch        <7a>
[  156.369033]   jiffies              <ffff71d0>
[  156.369033]   next_to_watch.status <0>
[  158.404141] e1000 0000:00:03.0 enp0s3: Detected Tx Unit Hang
[  158.404141]   Tx Queue             <0>
[  158.404141]   TDH                  <79>
[  158.404141]   TDT                  <7b>
[  158.404141]   next_to_use          <7b>
[  158.404141]   next_to_clean        <79>
[  158.404141] buffer_info[next_to_clean]
[  158.404141]   time_stamp           <ffff6f4e>
[  158.404141]   next_to_watch        <7a>
[  158.404141]   jiffies              <ffff73cd>
[  158.404141]   next_to_watch.status <0>
[  159.864949] e1000 0000:00:03.0 enp0s3: Detected Tx Unit Hang
[  159.864949]   Tx Queue             <0>
[  159.864949]   TDH                  <79>
[  159.864949]   TDT                  <7b>
[  159.864949]   next_to_use          <7b>
[  159.864949]   next_to_clean        <79>
[  159.864949] buffer_info[next_to_clean]
[  159.864949]   time_stamp           <ffff6f4e>
[  159.864949]   next_to_watch        <7a>
[  159.864949]   jiffies              <ffff753a>
[  159.864949]   next_to_watch.status <0>
[  161.341237] e1000 0000:00:03.0 enp0s3: Detected Tx Unit Hang
[  161.341237]   Tx Queue             <0>
[  161.341237]   TDH                  <79>
[  161.341237]   TDT                  <7b>
[  161.341237]   next_to_use          <7b>
[  161.341237]   next_to_clean        <79>
[  161.341237] buffer_info[next_to_clean]
[  161.341237]   time_stamp           <ffff6f4e>
[  161.341237]   next_to_watch        <7a>
[  161.341237]   jiffies              <ffff76ac>
[  161.341237]   next_to_watch.status <0>
[  162.582286] e1000 0000:00:03.0 enp0s3: Detected Tx Unit Hang
[  162.582286]   Tx Queue             <0>
[  162.582286]   TDH                  <79>
[  162.582286]   TDT                  <7b>
[  162.582286]   next_to_use          <7b>
[  162.582286]   next_to_clean        <79>
[  162.582286] buffer_info[next_to_clean]
[  162.582286]   time_stamp           <ffff6f4e>
[  162.582286]   next_to_watch        <7a>
[  162.582286]   jiffies              <ffff77e2>
[  162.582286]   next_to_watch.status <0>
[  163.772738] e1000 0000:00:03.0 enp0s3: Reset adapter
[[0;32m  OK  [0m] Stopped target Timers.
[[0;32m  OK  [0m] Stopped Daily Cleanup of Temporary Directories.
[[0;32m  OK  [0m] Stopped target Cloud-init target.
[[0;32m  OK  [0m] Stopped Execute cloud user/final scripts.
[[0;32m  OK  [0m] Stopped Apply the settings specified in cloud-config.
         Stoppi         Stopping LSB: automatic crash report generation...
         Stopping LSB: MD monitoring daemon...
         Stopping vboxadd-service.service...
         Stopping LSB: Set the CPU Frequency Scaling governor to "ondemand"...
         Stopping LSB: Record successful boot for GRUB...
         Stopping Accounts Service...
         Stopping ACPI event daemon...
         Stopping LSB: daemon to balance interrupts for SMP systems...
         Stopping Snappy daemon...
         Stopping D-Bus System Message Bus...
[[0;32m  OK  [0m] Unmounted /var/lib/lxcfs.
[[0;32m  OK  [0m] Stopped Puppet agent.
[[0;32m  OK  [0m] Stopped Deferred execution scheduler.
[[0;32m  OK  [0m] Stopped OpenBSD Secure Shell server.
[[0;32m  OK  [0m] Stopped System Logging Service.
[[0;32m  OK  [0m] Stopped ACPI event daemon.
[[0;32m  OK  [0m] Stopped Snappy daemon.
[[0;32m  OK  [0m] Stopped Regular background program processing daemon.
[[0;32m  OK  [0m] Stopped Accounts Service.
[[0;32m  OK  [0m] Stopped Authenticate and Authorize Users to Run Privileged Tasks.
[[0;32m  OK  [0m] Stopped The Marionette Collective.
[[0;32m  OK  [0m] Stopped Getty on tty1.
[[0;32m  OK  [0m] Stopped Serial Getty on ttyS0.
[[0;32m  OK  [0m] Stopped User Manager for UID 1000.
[[0;32m  OK  [0m] Stopped Session 3 of user ubuntu.
[[0;32m  OK  [0m] Stopped vboxadd-x11.service.
[[0;32m  OK  [0m] Stopped Unattended Upgrades Shutdown.
[[0;32m  OK  [0m] Stopped D-Bus System Message Bus.
[[0;32m  OK  [0m] Stopped FUSE filesystem for LXC.
[[0;32m  OK  [0m] Stopped LSB: MD monitoring daemon.
[[0;32m  OK  [0m] Stopped LXD - container startup/shutdown.
[[0;32m  OK  [0m] Stopped LSB: Set the CPU Frequency Scaling governor to "ondemand".
[[0;32m  OK  [0m] Stopped LSB: automatic crash report generation.
[[0;32m  OK  [0m] Stopped vboxadd-service.service.
[[0;32m  OK  [0m] Stopped LSB: Record successful boot for GRUB.
[[0;32m  OK  [0m] Stopped LSB: daemon to balance interrupts for SMP systems.
         Stopping vboxadd.service...
[[0;32m  OK  [0m] Removed slice User Slice of ubuntu.
         Stopping Login Service...
[[0;32m  OK  [0m] Removed slice system-serial\x2dgetty.slice.
[[0;32m  OK  [0m] Stopped /etc/rc.local Compatibility.
         Stopping Permit User Sessions...
[[0;32m  OK  [0m] Removed slice system-getty.slice.
[[0;32m  OK  [0m] Unmounted /etc/puppetlabs/code/environments/pbg.
[[0;32m  OK  [0m] Stopped Permit User Sessions.
[[0;32m  OK  [0m] Unmounted /examples.
[[0;32m  OK  [0m] Stopped target Remote File Systems.
[[0;32m  OK  [0m] Stopped target Remote File Systems (Pre).
         Stopping Login to default iSCSI targets...
[[0;32m  OK  [0m] Stopped vboxadd.service.
[[0;32m  OK  [0m] Stopped Login Service.
[[0;32m  OK  [0m] Stopped target Basic System.
[[0;32m  OK  [0m] Stopped target Paths.
[[0;32m  OK  [0m] Stopped Forward Password Requests to Wall Directory Watch.
[[0;32m  OK  [0m] Stopped Dispatch Password Requests to Console Directory Watch.
[[0;32m  OK  [0m] Stopped ACPI Events Check.
[[0;32m  OK  [0m] Stopped target Slices.
[[0;32m  OK  [0m] Stopped target Sockets.
[[0;32m  OK  [0m] Closed Syslog Socket.
[[0;32m  OK  [0m] Closed UUID daemon activation socket.
[[0;32m  OK  [0m] Closed ACPID Listen Socket.
[[0;32m  OK  [0m] Closed Socket activation for snappy daemon.
[[0;32m  OK  [0m] Closed LXD - unix socket.
[[0;32m  OK  [0m] Stopped target User and Group Name Lookups.
[[0;32m  OK  [0m] Closed D-Bus System Message Bus Socket.
[[0;32m  OK  [0m] Stopped target System Initialization.
         Stopping Load/Save Random Seed...
[[0;32m  OK  [0m] Stopped Create Volatile Files and Directories.
[[0;32m  OK  [0m] Stopped target Swap.
[[0;32m  OK  [0m] Stopped target Encrypted Volumes.
[[0;32m  OK  [0m] Removed slice User and Session Slice.
[[0;32m  OK  [0m] Stopped Load/Save Random Seed.
[[0;32m  OK  [0m] Stopped Login to default iSCSI targets.
         Stopping iSCSI initiator daemon (iscsid)...
[[0;32m  OK  [0m] Stopped iSCSI initiator daemon (iscsid).
[[0;32m  OK  [0m] Stopped target Network is Online.
[[0;32m  OK  [0m] Stopped Initial cloud-init job (metadata service crawler).
[[0;32m  OK  [0m] Stopped target Network.
         Stopping Raise network interfaces...
[[0;32m  OK  [0m] Stopped Raise network interfaces.
[[0;32m  OK  [0m] Stopped target Network (Pre).
[[0;32m  OK  [0m] Stopped Initial cloud-init job (pre-networking).
[[0;32m  OK  [0m] Stopped Apply Kernel Variables.
[[0;32m  OK  [0m] Stopped Load Kernel Modules.
[[0;32m  OK  [0m] Stopped target Local File Systems.
         Unmounting /run/user/1000...
[[0;32m  OK  [0m] Unmounted /run/user/1000.
[[0;32m  OK  [0m] Reached target Unmount All Filesystems.
[[0;32m  OK  [0m] Stopped target Local File Systems (Pre).
         Stopping Monitoring of LVM2 mirrors... dmeventd or progress polling...
[[0;32m  OK  [0m] Stopped Remount Root and Kernel File Systems.
[[0;32m  OK  [0m] Stopped Create Static Device Nodes in /dev.
[[0;32m  OK  [0m] Reached target Shutdown.
[ 1197.455883] reboot: Power down
